// Jest Snapshot v1, https://jestjs.io/docs/snapshot-testing

exports[`Server app integration tests snapshot demo 1`] = `
{
  "endDate": "someEndDate",
  "id": "12345",
  "room": "someRoom",
  "startDate": "someStartDate",
  "user": "someUser",
}
`;
